use acpf;
